Connected to MongoDB

=== Employees with Section_AE = DL2005 ===
Total: 0

=== Prefields with Section_AE = DL2005 ===
Total: 3
1. WD: DE5291 - Section_AE: "DL2005"
2. WD: DE5456 - Section_AE: "DL2005"
3. WD: DE5121 - Section_AE: "DL2005"

=== Sample Section_AE values ===
[ 'JA6005', 'JPT001', 'DL3005' ]
